<area shape="rect" href="bool2onoff.html" title="bool2onoff" alt="" coords="7,8,125,56">
<area shape="rect" href="busyfigure.html" title="busyfigure" alt="" coords="149,8,263,56">
<area shape="rect" href="callerfile.html" title="callerfile" alt="" coords="287,8,386,56">
<area shape="rect" href="copyaxes.html" title="copyaxes" alt="" coords="410,8,514,56">
<area shape="rect" href="copyfig.html" title="copyfig" alt="" coords="538,8,629,56">
<area shape="rect" href="datetime2ind.html" title="datetime2ind" alt="" coords="653,8,783,56">
<area shape="rect" href="lasterrid.html" title="lasterrid" alt="" coords="807,8,903,56">
<area shape="rect" href="matlabversion.html" title="matlabversion" alt="" coords="927,8,1066,56">
<area shape="rect" href="onoff2bool.html" title="onoff2bool" alt="" coords="1090,8,1205,56">
<area shape="rect" href="printf.html" title="printf" alt="" coords="1229,8,1306,56">
<area shape="rect" href="progressBar.html" title="progressBar" alt="" coords="1330,8,1455,56">
<area shape="rect" href="ps2pdf.html" title="ps2pdf" alt="" coords="1479,8,1565,56">
<area shape="rect" href="report_addpage.html" title="report_addpage" alt="" coords="1589,8,1741,56">
<area shape="rect" href="strmatchre.html" title="strmatchre" alt="" coords="1765,8,1877,56">
