<area shape="rect" href="CrossSpecMatpt.html" title="CrossSpecMatpt" alt="" coords="584,104,741,152">
<area shape="rect" href="extractdatapt.html" title="extractdatapt" alt="" coords="280,200,410,248">
<area shape="rect" href="minmaxsptimes.html" title="minmaxsptimes" alt="" coords="472,296,624,344">
<area shape="rect" href="mtfftpt.html" title="mtfftpt" alt="" coords="762,296,848,344">
<area shape="rect" href="coherencypt.html" title="coherencypt" alt="" coords="536,200,661,248">
<area shape="rect" href="coherencysegpt.html" title="coherencysegpt" alt="" coords="793,104,942,152">
<area shape="rect" href="createdatamatpt.html" title="createdatamatpt" alt="" coords="1093,200,1245,248">
<area shape="rect" href="cohgrampt.html" title="cohgrampt" alt="" coords="285,104,397,152">
<area shape="rect" href="cohmatrixpt.html" title="cohmatrixpt" alt="" coords="946,200,1069,248">
<area shape="rect" href="countsig.html" title="countsig" alt="" coords="1281,8,1377,56">
<area shape="rect" href="padNaN.html" title="padNaN" alt="" coords="1388,104,1486,152">
<area shape="rect" href="isi.html" title="isi" alt="" coords="1401,8,1473,56">
<area shape="rect" href="mtdspecgrampt.html" title="mtdspecgrampt" alt="" coords="108,104,257,152">
<area shape="rect" href="mtdspectrumpt.html" title="mtdspectrumpt" alt="" coords="109,200,256,248">
<area shape="rect" href="mtspecgrampt.html" title="mtspecgrampt" alt="" coords="421,104,560,152">
<area shape="rect" href="mtspectrumpt.html" title="mtspectrumpt" alt="" coords="685,200,821,248">
<area shape="rect" href="mtspecgramtrigpt.html" title="mtspecgramtrigpt" alt="" coords="746,8,912,56">
<area shape="rect" href="mtspectrumsegpt.html" title="mtspectrumsegpt" alt="" coords="1204,104,1364,152">
<area shape="rect" href="mtspectrumtrigpt.html" title="mtspectrumtrigpt" alt="" coords="966,104,1129,152">
<area shape="rect" href="psth.html" title="psth" alt="" coords="1497,8,1569,56">
<area shape="rect" href="binspikes.html" title="binspikes" alt="" coords="1593,8,1700,56">
