<area shape="rect" href="runbook.html" title="runbook" alt="" coords="2228,8,2324,56">
<area shape="rect" href="fig10_1.html" title="fig10_1" alt="" coords="8,104,98,152">
<area shape="rect" href="fig11_1.html" title="fig11_1" alt="" coords="122,104,213,152">
<area shape="rect" href="fig11_4.html" title="fig11_4" alt="" coords="237,104,328,152">
<area shape="rect" href="fig11_5.html" title="fig11_5" alt="" coords="352,104,442,152">
<area shape="rect" href="fig13_1.html" title="fig13_1" alt="" coords="466,104,557,152">
<area shape="rect" href="fig1_1.html" title="fig1_1" alt="" coords="581,104,664,152">
<area shape="rect" href="fig1_2.html" title="fig1_2" alt="" coords="688,104,770,152">
<area shape="rect" href="fig2_2.html" title="fig2_2" alt="" coords="794,104,877,152">
<area shape="rect" href="fig2_3.html" title="fig2_3" alt="" coords="901,104,984,152">
<area shape="rect" href="fig2_4.html" title="fig2_4" alt="" coords="1008,104,1090,152">
<area shape="rect" href="fig2_5.html" title="fig2_5" alt="" coords="1114,104,1197,152">
<area shape="rect" href="fig2_6.html" title="fig2_6" alt="" coords="1221,104,1304,152">
<area shape="rect" href="fig2_7.html" title="fig2_7" alt="" coords="1328,104,1410,152">
<area shape="rect" href="fig3_1.html" title="fig3_1" alt="" coords="1434,104,1517,152">
<area shape="rect" href="fig4_1.html" title="fig4_1" alt="" coords="1541,104,1624,152">
<area shape="rect" href="fig4_2.html" title="fig4_2" alt="" coords="1648,104,1730,152">
<area shape="rect" href="fig4_3.html" title="fig4_3" alt="" coords="1754,104,1837,152">
<area shape="rect" href="fig4_4.html" title="fig4_4" alt="" coords="1861,104,1944,152">
<area shape="rect" href="fig5_1.html" title="fig5_1" alt="" coords="1968,104,2050,152">
<area shape="rect" href="fig5_2.html" title="fig5_2" alt="" coords="2074,104,2157,152">
<area shape="rect" href="fig5_3.html" title="fig5_3" alt="" coords="2181,104,2264,152">
<area shape="rect" href="fig5_4.html" title="fig5_4" alt="" coords="2288,104,2370,152">
<area shape="rect" href="fig5_5.html" title="fig5_5" alt="" coords="2394,104,2477,152">
<area shape="rect" href="fig5_6.html" title="fig5_6" alt="" coords="2501,104,2584,152">
<area shape="rect" href="fig6_1.html" title="fig6_1" alt="" coords="2608,104,2690,152">
<area shape="rect" href="fig6_2.html" title="fig6_2" alt="" coords="2714,104,2797,152">
<area shape="rect" href="fig6_3.html" title="fig6_3" alt="" coords="2821,104,2904,152">
<area shape="rect" href="fig6_4.html" title="fig6_4" alt="" coords="2928,104,3010,152">
<area shape="rect" href="fig6_5.html" title="fig6_5" alt="" coords="3034,104,3117,152">
<area shape="rect" href="fig6_6.html" title="fig6_6" alt="" coords="3141,104,3224,152">
<area shape="rect" href="fig6_7.html" title="fig6_7" alt="" coords="3248,104,3330,152">
<area shape="rect" href="fig7_1.html" title="fig7_1" alt="" coords="3354,104,3437,152">
<area shape="rect" href="fig7_2.html" title="fig7_2" alt="" coords="3461,104,3544,152">
<area shape="rect" href="fig7_3.html" title="fig7_3" alt="" coords="3568,104,3650,152">
<area shape="rect" href="fig7_4.html" title="fig7_4" alt="" coords="3674,104,3757,152">
<area shape="rect" href="fig7_5.html" title="fig7_5" alt="" coords="3781,104,3864,152">
<area shape="rect" href="fig7_6.html" title="fig7_6" alt="" coords="3888,104,3970,152">
<area shape="rect" href="fig8_1.html" title="fig8_1" alt="" coords="3994,104,4077,152">
<area shape="rect" href="fig8_2.html" title="fig8_2" alt="" coords="4101,104,4184,152">
<area shape="rect" href="fig8_3.html" title="fig8_3" alt="" coords="4208,104,4290,152">
<area shape="rect" href="fig9_1.html" title="fig9_1" alt="" coords="4314,104,4397,152">
<area shape="rect" href="fig9_2.html" title="fig9_2" alt="" coords="4421,104,4504,152">
