<area shape="rect" href="CrossSpecMatpb.html" title="CrossSpecMatpb" alt="" coords="858,200,1021,248">
<area shape="rect" href="mtfftpb.html" title="mtfftpb" alt="" coords="633,296,723,344">
<area shape="rect" href="coherencypb.html" title="coherencypb" alt="" coords="1045,200,1173,248">
<area shape="rect" href="coherencysegpb.html" title="coherencysegpb" alt="" coords="866,104,1021,152">
<area shape="rect" href="createdatamatpb.html" title="createdatamatpb" alt="" coords="301,200,458,248">
<area shape="rect" href="cohgrampb.html" title="cohgrampb" alt="" coords="1050,104,1167,152">
<area shape="rect" href="cohmatrixpb.html" title="cohmatrixpb" alt="" coords="533,200,661,248">
<area shape="rect" href="mtdspecgrampb.html" title="mtdspecgrampb" alt="" coords="683,104,835,152">
<area shape="rect" href="mtdspectrumpb.html" title="mtdspectrumpb" alt="" coords="685,200,834,248">
<area shape="rect" href="mtspecgrampb.html" title="mtspecgrampb" alt="" coords="7,104,151,152">
<area shape="rect" href="mtspectrumpb.html" title="mtspectrumpb" alt="" coords="135,200,277,248">
<area shape="rect" href="mtspecgramtrigpb.html" title="mtspecgramtrigpb" alt="" coords="145,8,313,56">
<area shape="rect" href="mtspectrumsegpb.html" title="mtspectrumsegpb" alt="" coords="415,104,581,152">
<area shape="rect" href="mtspectrumtrigpb.html" title="mtspectrumtrigpb" alt="" coords="175,104,341,152">
<area shape="rect" href="extractdatapb.html" title="extractdatapb" alt="" coords="337,8,473,56">
