<area shape="rect" href="histnd.html" title="histnd" alt="" coords="7,8,87,56">
<area shape="rect" href="rescale.html" title="rescale" alt="" coords="125,104,213,152">
<area shape="rect" href="minmax.html" title="minmax" alt="" coords="121,200,217,248">
<area shape="rect" href="histxt.html" title="histxt" alt="" coords="111,8,189,56">
<area shape="rect" href="histxy.html" title="histxy" alt="" coords="213,8,293,56">
<area shape="rect" href="histxyz.html" title="histxyz" alt="" coords="317,8,405,56">
<area shape="rect" href="gausskernel.html" title="gausskernel" alt="" coords="279,200,402,248">
<area shape="rect" href="smooth3f.html" title="smooth3f" alt="" coords="378,104,482,152">
<area shape="rect" href="convnsep.html" title="convnsep" alt="" coords="426,200,530,248">
<area shape="rect" href="knn.html" title="knn" alt="" coords="515,8,587,56">
<area shape="rect" href="pairdist.html" title="pairdist" alt="" coords="506,104,597,152">
<area shape="rect" href="pcasvd.html" title="pcasvd" alt="" coords="643,8,731,56">
<area shape="rect" href="removeoffset.html" title="removeoffset" alt="" coords="621,104,754,152">
<area shape="rect" href="triggerevents.html" title="triggerevents" alt="" coords="778,8,909,56">
<area shape="rect" href="leadingedges.html" title="leadingedges" alt="" coords="778,104,909,152">
<area shape="rect" href="alignwaveforms.html" title="alignwaveforms" alt="" coords="933,8,1085,56">
<area shape="rect" href="buttersimple.html" title="buttersimple" alt="" coords="1109,8,1237,56">
<area shape="rect" href="cmplx2rgb.html" title="cmplx2rgb" alt="" coords="1261,8,1373,56">
<area shape="rect" href="cmtm.html" title="cmtm" alt="" coords="1397,8,1471,56">
<area shape="rect" href="embed.html" title="embed" alt="" coords="1495,8,1578,56">
<area shape="rect" href="filterm.html" title="filterm" alt="" coords="1602,8,1685,56">
<area shape="rect" href="filterzm.html" title="filterzm" alt="" coords="1709,8,1799,56">
<area shape="rect" href="mindist.html" title="mindist" alt="" coords="1823,8,1914,56">
<area shape="rect" href="padmatrix.html" title="padmatrix" alt="" coords="1938,8,2047,56">
<area shape="rect" href="pxcorr.html" title="pxcorr" alt="" coords="2071,8,2157,56">
<area shape="rect" href="rasterize.html" title="rasterize" alt="" coords="2181,8,2279,56">
<area shape="rect" href="resetintegrator.html" title="resetintegrator" alt="" coords="2303,8,2445,56">
<area shape="rect" href="sindata.html" title="sindata" alt="" coords="2469,8,2557,56">
