<area shape="rect" href="Cdgy.html" title="Cdgy" alt="" coords="8,8,82,56">
<area shape="rect" href="Clgy.html" title="Clgy" alt="" coords="106,8,178,56">
<area shape="rect" href="Cmar.html" title="Cmar" alt="" coords="202,8,277,56">
<area shape="rect" href="Cmbl.html" title="Cmbl" alt="" coords="301,8,376,56">
<area shape="rect" href="Cmgr.html" title="Cmgr" alt="" coords="400,8,477,56">
<area shape="rect" href="Cmrd.html" title="Cmrd" alt="" coords="501,8,578,56">
<area shape="rect" href="fancy.html" title="fancy" alt="" coords="602,8,677,56">
<area shape="rect" href="jetm.html" title="jetm" alt="" coords="701,8,773,56">
<area shape="rect" href="maplecolor.html" title="maplecolor" alt="" coords="797,8,914,56">
<area shape="rect" href="nice.html" title="nice" alt="" coords="938,8,1010,56">
<area shape="rect" href="saturate.html" title="saturate" alt="" coords="1034,8,1128,56">
<area shape="rect" href="tintmap.html" title="tintmap" alt="" coords="1152,8,1242,56">
<area shape="rect" href="top.html" title="top" alt="" coords="1266,8,1338,56">
<area shape="rect" href="xray.html" title="xray" alt="" coords="1362,8,1434,56">
